// Jest Snapshot v1, https://goo.gl/fbAQLP

exports[`Component Renders Correctly  1`] = `ReactWrapper {}`;
